update01,1234560,true
unchanged01,24680,false
insert01,2345678,true
insert02,35791,false
update02,27463,false
unchanged02,86429,true
